<html>
<body>
<pre>
<h1>µVision Build Log</h1>
<h2>Project:</h2>
C:\Keil_v5\ARM\Examples\Blinky\2013HT13592\2013HT13592.uvproj
Project File Date:  01/31/2015

<h2>Output:</h2>
Build target 'Target 1'
linking...
Program Size: Code=80 RO-data=0 RW-data=0 ZI-data=0  
".\2013HT13592.axf" - 0 Error(s), 0 Warning(s).
</pre>
</body>
</html>
 Size: Code=76 RO-data=0 RW-data=12 ZI-data=0  
".\2013HT13592.axf" - 0 Error(s), 1 Warning(s).
assembling 2013HT13592.s...
2013HT13592.s(33): warning: A1608W: MOV pc,<rn> instruction used, but BX <rn> is preferred
"2013HT13592.s" - 0 Error(s), 1 Warning(s).
152E: Unexpected operator
"2013HT13592.s" - 2 Error(s), 0 Warning(s).
assembling 2013HT13592.s...
2013HT13592.s(21): error: A1180E: Missing close quote
2013HT13592.s(22): error: A1180E: Missing close quote
"2013HT13592.s" - 2 Error(s), 0 Warning(s).
assembling 2013HT13592.s...
2013HT13592.s(21): error: A1152E: Unexpected operator
2013HT13592.s(22): error: A1152E: Unexpected operator
"2013HT13592.s" - 2 Error(s), 0 Warning(s).
assembling 2013HT13592.s...
2013HT13592.s(20): warning: A1608W: MOV pc,<rn> instruction used, but BX <rn> is preferred
"2013HT13592.s" - 0 Error(s), 1 Warning(s).
Error: Could not load file 'C:\Keil_v5\ARM\Examples\Blinky\2013HT13592\2013HT13592.axf'. Debugger aborted !
Error: Could not load file 'C:\Keil_v5\ARM\Examples\Blinky\2013HT13592\2013HT13592.axf'. Debugger aborted !
assembling 2013HT13592.s...
2013HT13592.s(20): warning: A1608W: MOV pc,<rn> instruction used, but BX <rn> is preferred
"2013HT13592.s" - 0 Error(s), 1 Warning(s).
