<html>
<body>
<pre>
<h1>µVision Build Log</h1>
<h2>Project:</h2>
C:\Users\pras\git\2013HZ13592\2013HT13592-Merge\2013HT13592Merge.uvproj
Project File Date:  02/02/2015

<h2>Output:</h2>
Rebuild target 'Target 1'
assembling 2013HT13592Merge.s...
2013HT13592Merge.s(53): warning: A1608W: MOV pc,<rn> instruction used, but BX <rn> is preferred
2013HT13592Merge.s(76): warning: A1608W: MOV pc,<rn> instruction used, but BX <rn> is preferred
linking...
Program Size: Code=192 RO-data=0 RW-data=0 ZI-data=0  
".\2013HT13592Merge.axf" - 0 Error(s), 2 Warning(s).
2-Merge\2013HT13592Merge.axf'. Debugger aborted !
